........F
================================== FAILURES ===================================
___________ TestCanonicalization.test_gold_frame_first_day_dropped ____________

self = <test_cooc_pipeline.TestCanonicalization object at 0x0000020A6A136D90>

    def test_gold_frame_first_day_dropped(self) -> None:
        """First day per root has no prev_close \u2192 dropped."""
        bars = _make_3day_bars()
        bars["root"] = "ES"
        bars = normalize_bars(bars)
        cmap = build_contract_map(["ES"], date(2025, 1, 2), date(2025, 1, 6))
        silver = build_silver_bars(bars, cmap)
        gold = build_gold_frame(silver)
        # 3 bars \u2192 2 gold rows (first day dropped)
>       assert len(gold) == 2
E       assert 0 == 2
E        +  where 0 = len(Empty DataFrame\nColumns: [trading_day, root, active_contract, days_to_expiry, open, high, low, close, volume, ret_co, ret_oc]\nIndex: [])

backend\tests\test_cooc_pipeline.py:248: AssertionError
=========================== short test summary info ===========================
FAILED backend/tests/test_cooc_pipeline.py::TestCanonicalization::test_gold_frame_first_day_dropped
!!!!!!!!!!!!!!!!!!!!!!!!!! stopping after 1 failures !!!!!!!!!!!!!!!!!!!!!!!!!!
1 failed, 8 passed in 0.95s
